Analyzing Marcoswalkie...                                       

warning - Unused import: 'package:system_alert_window/system_alert_window.dart' - lib\main.dart:3:8 - unused_import
warning - Unused import: '../models/ptt_profile.dart' - lib\screens\profile_list_screen.dart:4:8 - unused_import
  error - The method 'registerOnClickListener' isn't defined for the type 'SystemAlertWindow' - lib\screens\ptt_screen.dart:25:23 - undefined_method
  error - Undefined name 'callBack' - lib\screens\ptt_screen.dart:25:47 - undefined_identifier
warning - The value of the local variable 'selectedProfile' isn't used - lib\screens\ptt_screen.dart:37:11 - unused_local_variable
  error - Undefined class 'SystemWindowHeader' - lib\screens\ptt_screen.dart:99:15 - undefined_class
  error - The method 'SystemWindowHeader' isn't defined for the type '_PTTScreenState' - lib\screens\ptt_screen.dart:99:43 - undefined_method
  error - The method 'SystemWindowText' isn't defined for the type '_PTTScreenState' - lib\screens\ptt_screen.dart:100:24 - undefined_method
  error - Undefined name 'SystemWindowPadding' - lib\screens\ptt_screen.dart:101:26 - undefined_identifier
  error - The method 'SystemWindowText' isn't defined for the type '_PTTScreenState' - lib\screens\ptt_screen.dart:102:27 - undefined_method
  error - The method 'SystemWindowDecoration' isn't defined for the type '_PTTScreenState' - lib\screens\ptt_screen.dart:103:29 - undefined_method
  error - Undefined class 'SystemWindowBody' - lib\screens\ptt_screen.dart:106:15 - undefined_class
  error - The method 'SystemWindowBody' isn't defined for the type '_PTTScreenState' - lib\screens\ptt_screen.dart:106:39 - undefined_method
  error - The method 'EachRow' isn't defined for the type '_PTTScreenState' - lib\screens\ptt_screen.dart:108:20 - undefined_method
  error - The method 'EachColumn' isn't defined for the type '_PTTScreenState' - lib\screens\ptt_screen.dart:110:25 - undefined_method
  error - The method 'SystemWindowText' isn't defined for the type '_PTTScreenState' - lib\screens\ptt_screen.dart:111:35 - undefined_method
  error - The getter 'BOLD' isn't defined for the type 'FontWeight' - lib\screens\ptt_screen.dart:111:105 - undefined_getter
  error - Undefined name 'ContentGravity' - lib\screens\ptt_screen.dart:114:31 - undefined_identifier
  error - The method 'SystemWindowPadding' isn't defined for the type '_PTTScreenState' - lib\screens\ptt_screen.dart:117:27 - undefined_method
  error - Undefined class 'SystemWindowFooter' - lib\screens\ptt_screen.dart:120:15 - undefined_class
  error - The method 'SystemWindowFooter' isn't defined for the type '_PTTScreenState' - lib\screens\ptt_screen.dart:120:43 - undefined_method
  error - The method 'SystemWindowButton' isn't defined for the type '_PTTScreenState' - lib\screens\ptt_screen.dart:122:19 - undefined_method
  error - The method 'SystemWindowText' isn't defined for the type '_PTTScreenState' - lib\screens\ptt_screen.dart:123:27 - undefined_method
  error - The method 'SystemWindowPadding' isn't defined for the type '_PTTScreenState' - lib\screens\ptt_screen.dart:126:30 - undefined_method
  error - The method 'SystemWindowDecoration' isn't defined for the type '_PTTScreenState' - lib\screens\ptt_screen.dart:127:33 - undefined_method
  error - The method 'SystemWindowButton' isn't defined for the type '_PTTScreenState' - lib\screens\ptt_screen.dart:129:19 - undefined_method
  error - The method 'SystemWindowText' isn't defined for the type '_PTTScreenState' - lib\screens\ptt_screen.dart:130:27 - undefined_method
  error - The method 'SystemWindowPadding' isn't defined for the type '_PTTScreenState' - lib\screens\ptt_screen.dart:133:30 - undefined_method
  error - The method 'SystemWindowDecoration' isn't defined for the type '_PTTScreenState' - lib\screens\ptt_screen.dart:134:33 - undefined_method
  error - The method 'SystemWindowPadding' isn't defined for the type '_PTTScreenState' - lib\screens\ptt_screen.dart:137:26 - undefined_method
  error - The method 'SystemWindowDecoration' isn't defined for the type '_PTTScreenState' - lib\screens\ptt_screen.dart:138:29 - undefined_method
  error - Undefined name 'ButtonPosition' - lib\screens\ptt_screen.dart:139:34 - undefined_identifier
  error - The named parameter 'header' isn't defined - lib\screens\ptt_screen.dart:144:19 - undefined_named_parameter
  error - The named parameter 'body' isn't defined - lib\screens\ptt_screen.dart:145:19 - undefined_named_parameter
  error - The named parameter 'footer' isn't defined - lib\screens\ptt_screen.dart:146:19 - undefined_named_parameter
  error - The named parameter 'margin' isn't defined - lib\screens\ptt_screen.dart:147:19 - undefined_named_parameter
  error - The method 'SystemWindowMargin' isn't defined for the type '_PTTScreenState' - lib\screens\ptt_screen.dart:147:27 - undefined_method
   info - 'withOpacity' is deprecated and shouldn't be used. Use .withValues() to avoid precision loss - lib\screens\ptt_screen.dart:175:29 - deprecated_member_use
   info - 'withOpacity' is deprecated and shouldn't be used. Use .withValues() to avoid precision loss - lib\screens\ptt_screen.dart:177:48 - deprecated_member_use
   info - 'withOpacity' is deprecated and shouldn't be used. Use .withValues() to avoid precision loss - lib\screens\ptt_screen.dart:219:59 - deprecated_member_use
   info - 'withOpacity' is deprecated and shouldn't be used. Use .withValues() to avoid precision loss - lib\screens\ptt_screen.dart:223:65 - deprecated_member_use
   info - 'withOpacity' is deprecated and shouldn't be used. Use .withValues() to avoid precision loss - lib\screens\ptt_screen.dart:224:38 - deprecated_member_use
   info - 'withOpacity' is deprecated and shouldn't be used. Use .withValues() to avoid precision loss - lib\screens\ptt_screen.dart:231:36 - deprecated_member_use
   info - 'withOpacity' is deprecated and shouldn't be used. Use .withValues() to avoid precision loss - lib\screens\ptt_screen.dart:232:61 - deprecated_member_use

